[2025-06-03 00:09:39,379: INFO: app: 2025-06-03 00:09:39,379]
[2025-06-03 00:16:17,183: INFO: app: 2025-06-03 00:16:17,183]
[2025-06-11 22:37:06,809: INFO: common: 2025-06-11 22:37:06,809]
[2025-06-11 22:37:06,814: INFO: common: 2025-06-11 22:37:06,814]
[2025-06-11 22:37:06,818: INFO: common: 2025-06-11 22:37:06,818]
[2025-06-11 22:37:06,821: INFO: common: 2025-06-11 22:37:06,821]
[2025-06-11 22:37:06,823: INFO: common: 2025-06-11 22:37:06,823]
[2025-06-11 22:37:07,999: INFO: 635984761: 2025-06-11 22:37:07,999]
[2025-06-13 23:39:19,957: INFO: 4265894939: 2025-06-13 23:39:19,957]
[2025-06-13 23:41:16,012: INFO: common: 2025-06-13 23:41:16,012]
[2025-06-13 23:41:16,018: INFO: common: 2025-06-13 23:41:16,018]
[2025-06-13 23:41:16,025: INFO: common: 2025-06-13 23:41:16,025]
[2025-06-13 23:41:16,028: INFO: common: 2025-06-13 23:41:16,028]
[2025-06-13 23:41:16,029: INFO: 4265894939: 2025-06-13 23:41:16,029]
[2025-06-13 23:42:23,423: INFO: common: 2025-06-13 23:42:23,423]
[2025-06-13 23:42:23,426: INFO: common: 2025-06-13 23:42:23,426]
[2025-06-13 23:42:23,431: INFO: common: 2025-06-13 23:42:23,431]
[2025-06-13 23:42:23,433: INFO: common: 2025-06-13 23:42:23,433]
[2025-06-13 23:42:23,434: INFO: common: 2025-06-13 23:42:23,434]
[2025-06-13 23:42:23,435: INFO: 4265894939: 2025-06-13 23:42:23,435]
[2025-06-13 23:43:02,088: INFO: common: 2025-06-13 23:43:02,088]
[2025-06-13 23:43:02,090: INFO: common: 2025-06-13 23:43:02,090]
[2025-06-13 23:43:02,095: INFO: common: 2025-06-13 23:43:02,095]
[2025-06-13 23:43:02,097: INFO: common: 2025-06-13 23:43:02,097]
[2025-06-13 23:43:02,098: INFO: common: 2025-06-13 23:43:02,098]
[2025-06-13 23:43:02,113: INFO: 4265894939: 2025-06-13 23:43:02,113]
[2025-06-13 23:43:11,742: INFO: common: 2025-06-13 23:43:11,742]
[2025-06-13 23:43:11,747: INFO: common: 2025-06-13 23:43:11,747]
[2025-06-13 23:43:11,751: INFO: common: 2025-06-13 23:43:11,751]
[2025-06-13 23:43:11,753: INFO: common: 2025-06-13 23:43:11,753]
[2025-06-13 23:43:11,755: INFO: common: 2025-06-13 23:43:11,755]
[2025-06-13 23:43:11,783: INFO: 4260809621: 2025-06-13 23:43:11,783]
[2025-06-13 23:43:11,784: INFO: 4260809621: 2025-06-13 23:43:11,784]
[2025-06-13 23:43:11,785: INFO: 4260809621: 2025-06-13 23:43:11,785]
[2025-06-14 00:16:50,144: INFO: common: 2025-06-14 00:16:50,144]
[2025-06-14 00:16:50,146: INFO: common: 2025-06-14 00:16:50,146]
[2025-06-14 00:16:50,148: INFO: common: 2025-06-14 00:16:50,148]
[2025-06-14 00:16:50,149: INFO: common: 2025-06-14 00:16:50,149]
[2025-06-14 00:16:50,164: INFO: 261060408: 2025-06-14 00:16:50,164]
[2025-06-14 00:18:20,675: INFO: common: 2025-06-14 00:18:20,675]
[2025-06-14 00:18:20,678: INFO: common: 2025-06-14 00:18:20,678]
[2025-06-14 00:18:20,683: INFO: common: 2025-06-14 00:18:20,683]
[2025-06-14 00:18:20,684: INFO: common: 2025-06-14 00:18:20,684]
[2025-06-14 00:18:20,699: INFO: 261060408: 2025-06-14 00:18:20,699]
[2025-06-14 00:19:33,903: INFO: common: 2025-06-14 00:19:33,903]
[2025-06-14 00:19:33,904: INFO: common: 2025-06-14 00:19:33,904]
[2025-06-14 00:19:33,906: INFO: common: 2025-06-14 00:19:33,906]
[2025-06-14 00:19:33,907: INFO: common: 2025-06-14 00:19:33,907]
[2025-06-14 00:19:33,908: INFO: common: 2025-06-14 00:19:33,908]
[2025-06-14 00:19:33,919: INFO: 261060408: 2025-06-14 00:19:33,919]
[2025-06-14 00:20:17,501: INFO: common: 2025-06-14 00:20:17,501]
[2025-06-14 00:20:17,503: INFO: common: 2025-06-14 00:20:17,503]
[2025-06-14 00:20:17,506: INFO: common: 2025-06-14 00:20:17,506]
[2025-06-14 00:20:17,507: INFO: common: 2025-06-14 00:20:17,507]
[2025-06-14 00:20:17,508: INFO: common: 2025-06-14 00:20:17,508]
[2025-06-20 00:04:37,915: INFO: common: 2025-06-20 00:04:37,915]
[2025-06-20 00:04:37,918: INFO: common: 2025-06-20 00:04:37,918]
[2025-06-20 00:04:37,923: INFO: common: 2025-06-20 00:04:37,923]
[2025-06-20 00:04:37,926: INFO: common: 2025-06-20 00:04:37,926]
[2025-06-20 00:05:26,055: INFO: common: 2025-06-20 00:05:26,055]
[2025-06-20 00:05:26,061: INFO: common: 2025-06-20 00:05:26,061]
[2025-06-20 00:05:26,066: INFO: common: 2025-06-20 00:05:26,066]
[2025-06-20 00:05:26,067: INFO: common: 2025-06-20 00:05:26,067]
[2025-06-20 00:08:49,876: INFO: common: 2025-06-20 00:08:49,876]
[2025-06-20 00:08:49,881: INFO: common: 2025-06-20 00:08:49,881]
[2025-06-20 00:08:49,888: INFO: common: 2025-06-20 00:08:49,888]
[2025-06-20 00:08:49,889: INFO: common: 2025-06-20 00:08:49,889]
[2025-06-20 00:10:06,747: INFO: common: 2025-06-20 00:10:06,747]
[2025-06-20 00:10:06,751: INFO: common: 2025-06-20 00:10:06,751]
[2025-06-20 00:10:06,758: INFO: common: 2025-06-20 00:10:06,758]
[2025-06-20 00:10:06,760: INFO: common: 2025-06-20 00:10:06,760]
[2025-06-20 00:10:06,763: INFO: common: 2025-06-20 00:10:06,763]
[2025-06-20 00:10:06,905: INFO: common: 2025-06-20 00:10:06,905]
[2025-06-25 22:57:50,059: INFO: main: 2025-06-25 22:57:50,059]
[2025-06-25 22:57:50,064: INFO: common: 2025-06-25 22:57:50,064]
[2025-06-25 22:57:50,065: INFO: common: 2025-06-25 22:57:50,065]
[2025-06-25 22:57:50,067: INFO: common: 2025-06-25 22:57:50,067]
[2025-06-25 22:57:50,068: INFO: common: 2025-06-25 22:57:50,068]
[2025-06-25 22:57:50,068: INFO: common: 2025-06-25 22:57:50,068]
[2025-06-25 22:57:51,387: INFO: data_ingestion: 2025-06-25 22:57:51,387]
[2025-06-25 22:57:51,389: INFO: main: 2025-06-25 22:57:51,389]
[2025-06-25 22:57:51,389: INFO: main: 2025-06-25 22:57:51,389]
[2025-06-25 22:57:51,396: INFO: common: 2025-06-25 22:57:51,396]
[2025-06-25 22:57:51,398: INFO: common: 2025-06-25 22:57:51,398]
[2025-06-25 22:57:51,401: INFO: common: 2025-06-25 22:57:51,401]
[2025-06-25 22:57:51,402: INFO: common: 2025-06-25 22:57:51,402]
[2025-06-25 22:57:51,402: INFO: stage_02_data_validation: 2025-06-25 22:57:51,402]
[2025-06-25 22:57:51,402: ERROR: main: 2025-06-25 22:57:51,402]
Traceback (most recent call last):
  File "main.py", line 30, in <module>
    data_validation.main()
  File "/home/jatin/Study/Live Courses/Projects/End-to-End-ML-Pipeline/src/ML_pipeline/pipeline/stage_02_data_validation.py", line 23, in main
    raise e
  File "/home/jatin/Study/Live Courses/Projects/End-to-End-ML-Pipeline/src/ML_pipeline/pipeline/stage_02_data_validation.py", line 18, in main
    data_validation_config = config.get_data_validation_config(DataValidationConfig)
TypeError: get_data_validation_config() takes 1 positional argument but 2 were given
[2025-06-25 23:01:43,674: INFO: main: 2025-06-25 23:01:43,674]
[2025-06-25 23:01:43,682: INFO: common: 2025-06-25 23:01:43,682]
[2025-06-25 23:01:43,683: INFO: common: 2025-06-25 23:01:43,683]
[2025-06-25 23:01:43,686: INFO: common: 2025-06-25 23:01:43,686]
[2025-06-25 23:01:43,686: INFO: common: 2025-06-25 23:01:43,686]
[2025-06-25 23:01:43,686: INFO: common: 2025-06-25 23:01:43,686]
[2025-06-25 23:01:44,701: INFO: data_ingestion: 2025-06-25 23:01:44,701]
[2025-06-25 23:01:44,703: INFO: main: 2025-06-25 23:01:44,703]
[2025-06-25 23:01:44,703: INFO: main: 2025-06-25 23:01:44,703]
[2025-06-25 23:01:44,713: INFO: common: 2025-06-25 23:01:44,713]
[2025-06-25 23:01:44,714: INFO: common: 2025-06-25 23:01:44,714]
[2025-06-25 23:01:44,717: INFO: common: 2025-06-25 23:01:44,717]
[2025-06-25 23:01:44,718: INFO: common: 2025-06-25 23:01:44,718]
[2025-06-25 23:01:44,718: INFO: common: 2025-06-25 23:01:44,718]
[2025-06-25 23:01:44,718: INFO: stage_02_data_validation: 2025-06-25 23:01:44,718]
[2025-06-25 23:01:44,718: ERROR: main: 2025-06-25 23:01:44,718]
Traceback (most recent call last):
  File "main.py", line 30, in <module>
    data_validation.main()
  File "/home/jatin/Study/Live Courses/Projects/End-to-End-ML-Pipeline/src/ML_pipeline/pipeline/stage_02_data_validation.py", line 23, in main
    raise e
  File "/home/jatin/Study/Live Courses/Projects/End-to-End-ML-Pipeline/src/ML_pipeline/pipeline/stage_02_data_validation.py", line 18, in main
    data_validation_config = config.get_data_validation_config()
  File "/home/jatin/Study/Live Courses/Projects/End-to-End-ML-Pipeline/src/ML_pipeline/config/configuration.py", line 54, in get_data_validation_config
    data_validation_config = DataValidationConfig(
TypeError: __init__() got an unexpected keyword argument 'source_URL'
[2025-06-25 23:04:14,205: INFO: main: 2025-06-25 23:04:14,205]
[2025-06-25 23:04:14,211: INFO: common: 2025-06-25 23:04:14,211]
[2025-06-25 23:04:14,212: INFO: common: 2025-06-25 23:04:14,212]
[2025-06-25 23:04:14,214: INFO: common: 2025-06-25 23:04:14,214]
[2025-06-25 23:04:14,214: INFO: common: 2025-06-25 23:04:14,214]
[2025-06-25 23:04:14,214: INFO: common: 2025-06-25 23:04:14,214]
[2025-06-25 23:04:15,485: INFO: data_ingestion: 2025-06-25 23:04:15,485]
[2025-06-25 23:04:15,488: INFO: main: 2025-06-25 23:04:15,488]
[2025-06-25 23:04:15,488: INFO: main: 2025-06-25 23:04:15,488]
[2025-06-25 23:04:15,497: INFO: common: 2025-06-25 23:04:15,497]
[2025-06-25 23:04:15,499: INFO: common: 2025-06-25 23:04:15,499]
[2025-06-25 23:04:15,502: INFO: common: 2025-06-25 23:04:15,502]
[2025-06-25 23:04:15,503: INFO: common: 2025-06-25 23:04:15,503]
[2025-06-25 23:04:15,503: INFO: common: 2025-06-25 23:04:15,503]
[2025-06-25 23:04:15,503: INFO: stage_02_data_validation: 2025-06-25 23:04:15,503]
[2025-06-25 23:04:15,503: ERROR: main: 2025-06-25 23:04:15,503]
Traceback (most recent call last):
  File "main.py", line 30, in <module>
    data_validation.main()
  File "/home/jatin/Study/Live Courses/Projects/End-to-End-ML-Pipeline/src/ML_pipeline/pipeline/stage_02_data_validation.py", line 22, in main
    raise e
  File "/home/jatin/Study/Live Courses/Projects/End-to-End-ML-Pipeline/src/ML_pipeline/pipeline/stage_02_data_validation.py", line 17, in main
    data_validation_config = config.get_data_validation_config()
  File "/home/jatin/Study/Live Courses/Projects/End-to-End-ML-Pipeline/src/ML_pipeline/config/configuration.py", line 54, in get_data_validation_config
    data_validation_config = DataValidationConfig(
TypeError: __init__() got an unexpected keyword argument 'local_data_dir'
[2025-06-25 23:05:21,163: INFO: main: 2025-06-25 23:05:21,163]
[2025-06-25 23:05:21,168: INFO: common: 2025-06-25 23:05:21,168]
[2025-06-25 23:05:21,170: INFO: common: 2025-06-25 23:05:21,170]
[2025-06-25 23:05:21,172: INFO: common: 2025-06-25 23:05:21,172]
[2025-06-25 23:05:21,172: INFO: common: 2025-06-25 23:05:21,172]
[2025-06-25 23:05:21,172: INFO: common: 2025-06-25 23:05:21,172]
[2025-06-25 23:05:21,676: INFO: data_ingestion: 2025-06-25 23:05:21,676]
[2025-06-25 23:05:21,678: INFO: main: 2025-06-25 23:05:21,678]
[2025-06-25 23:05:21,678: INFO: main: 2025-06-25 23:05:21,678]
[2025-06-25 23:05:21,685: INFO: common: 2025-06-25 23:05:21,685]
[2025-06-25 23:05:21,687: INFO: common: 2025-06-25 23:05:21,687]
[2025-06-25 23:05:21,691: INFO: common: 2025-06-25 23:05:21,691]
[2025-06-25 23:05:21,692: INFO: common: 2025-06-25 23:05:21,692]
[2025-06-25 23:05:21,692: INFO: common: 2025-06-25 23:05:21,692]
[2025-06-25 23:05:21,692: INFO: stage_02_data_validation: 2025-06-25 23:05:21,692]
[2025-06-25 23:05:21,692: ERROR: main: 2025-06-25 23:05:21,692]
Traceback (most recent call last):
  File "box/box.py", line 503, in box.box.Box.__getitem__
KeyError: 'unzip_data_dir'

The above exception was the direct cause of the following exception:

Traceback (most recent call last):
  File "box/box.py", line 536, in box.box.Box.__getattr__
  File "box/box.py", line 524, in box.box.Box.__getitem__
box.exceptions.BoxKeyError: "'unzip_data_dir'"

During handling of the above exception, another exception occurred:

Traceback (most recent call last):
  File "box/box.py", line 538, in box.box.Box.__getattr__
AttributeError: 'ConfigBox' object has no attribute 'unzip_data_dir'

The above exception was the direct cause of the following exception:

Traceback (most recent call last):
  File "box/config_box.py", line 28, in box.config_box.ConfigBox.__getattr__
  File "box/box.py", line 552, in box.box.Box.__getattr__
box.exceptions.BoxKeyError: "'ConfigBox' object has no attribute 'unzip_data_dir'"

During handling of the above exception, another exception occurred:

Traceback (most recent call last):
  File "box/box.py", line 503, in box.box.Box.__getitem__
KeyError: 'unzip_data_dir'

The above exception was the direct cause of the following exception:

Traceback (most recent call last):
  File "box/box.py", line 536, in box.box.Box.__getattr__
  File "box/box.py", line 524, in box.box.Box.__getitem__
box.exceptions.BoxKeyError: "'unzip_data_dir'"

During handling of the above exception, another exception occurred:

Traceback (most recent call last):
  File "box/box.py", line 538, in box.box.Box.__getattr__
AttributeError: 'ConfigBox' object has no attribute 'unzip_data_dir'

The above exception was the direct cause of the following exception:

Traceback (most recent call last):
  File "main.py", line 30, in <module>
    data_validation.main()
  File "/home/jatin/Study/Live Courses/Projects/End-to-End-ML-Pipeline/src/ML_pipeline/pipeline/stage_02_data_validation.py", line 22, in main
    raise e
  File "/home/jatin/Study/Live Courses/Projects/End-to-End-ML-Pipeline/src/ML_pipeline/pipeline/stage_02_data_validation.py", line 17, in main
    data_validation_config = config.get_data_validation_config()
  File "/home/jatin/Study/Live Courses/Projects/End-to-End-ML-Pipeline/src/ML_pipeline/config/configuration.py", line 57, in get_data_validation_config
    unzip_data_dir=config.unzip_data_dir,
  File "box/config_box.py", line 30, in box.config_box.ConfigBox.__getattr__
  File "box/box.py", line 552, in box.box.Box.__getattr__
box.exceptions.BoxKeyError: "'ConfigBox' object has no attribute 'unzip_data_dir'"
[2025-06-25 23:07:16,506: INFO: main: 2025-06-25 23:07:16,506]
[2025-06-25 23:07:16,511: INFO: common: 2025-06-25 23:07:16,511]
[2025-06-25 23:07:16,513: INFO: common: 2025-06-25 23:07:16,513]
[2025-06-25 23:07:16,515: INFO: common: 2025-06-25 23:07:16,515]
[2025-06-25 23:07:16,515: INFO: common: 2025-06-25 23:07:16,515]
[2025-06-25 23:07:16,516: INFO: common: 2025-06-25 23:07:16,516]
[2025-06-25 23:07:16,516: INFO: data_ingestion: 2025-06-25 23:07:16,516]
[2025-06-25 23:07:16,518: INFO: main: 2025-06-25 23:07:16,518]
[2025-06-25 23:07:16,518: INFO: main: 2025-06-25 23:07:16,518]
[2025-06-25 23:07:16,521: INFO: common: 2025-06-25 23:07:16,521]
[2025-06-25 23:07:16,521: INFO: common: 2025-06-25 23:07:16,521]
[2025-06-25 23:07:16,523: INFO: common: 2025-06-25 23:07:16,523]
[2025-06-25 23:07:16,524: INFO: common: 2025-06-25 23:07:16,524]
[2025-06-25 23:07:16,524: INFO: common: 2025-06-25 23:07:16,524]
[2025-06-25 23:07:16,524: INFO: stage_02_data_validation: 2025-06-25 23:07:16,524]
[2025-06-25 23:07:16,524: ERROR: main: 2025-06-25 23:07:16,524]
Traceback (most recent call last):
  File "box/box.py", line 503, in box.box.Box.__getitem__
KeyError: 'unzip_data_dir'

The above exception was the direct cause of the following exception:

Traceback (most recent call last):
  File "box/box.py", line 536, in box.box.Box.__getattr__
  File "box/box.py", line 524, in box.box.Box.__getitem__
box.exceptions.BoxKeyError: "'unzip_data_dir'"

During handling of the above exception, another exception occurred:

Traceback (most recent call last):
  File "box/box.py", line 538, in box.box.Box.__getattr__
AttributeError: 'ConfigBox' object has no attribute 'unzip_data_dir'

The above exception was the direct cause of the following exception:

Traceback (most recent call last):
  File "box/config_box.py", line 28, in box.config_box.ConfigBox.__getattr__
  File "box/box.py", line 552, in box.box.Box.__getattr__
box.exceptions.BoxKeyError: "'ConfigBox' object has no attribute 'unzip_data_dir'"

During handling of the above exception, another exception occurred:

Traceback (most recent call last):
  File "box/box.py", line 503, in box.box.Box.__getitem__
KeyError: 'unzip_data_dir'

The above exception was the direct cause of the following exception:

Traceback (most recent call last):
  File "box/box.py", line 536, in box.box.Box.__getattr__
  File "box/box.py", line 524, in box.box.Box.__getitem__
box.exceptions.BoxKeyError: "'unzip_data_dir'"

During handling of the above exception, another exception occurred:

Traceback (most recent call last):
  File "box/box.py", line 538, in box.box.Box.__getattr__
AttributeError: 'ConfigBox' object has no attribute 'unzip_data_dir'

The above exception was the direct cause of the following exception:

Traceback (most recent call last):
  File "main.py", line 30, in <module>
    data_validation.main()
  File "/home/jatin/Study/Live Courses/Projects/End-to-End-ML-Pipeline/src/ML_pipeline/pipeline/stage_02_data_validation.py", line 22, in main
    raise e
  File "/home/jatin/Study/Live Courses/Projects/End-to-End-ML-Pipeline/src/ML_pipeline/pipeline/stage_02_data_validation.py", line 17, in main
    data_validation_config = config.get_data_validation_config()
  File "/home/jatin/Study/Live Courses/Projects/End-to-End-ML-Pipeline/src/ML_pipeline/config/configuration.py", line 57, in get_data_validation_config
    unzip_data_dir=config.unzip_data_dir,
  File "box/config_box.py", line 30, in box.config_box.ConfigBox.__getattr__
  File "box/box.py", line 552, in box.box.Box.__getattr__
box.exceptions.BoxKeyError: "'ConfigBox' object has no attribute 'unzip_data_dir'"
[2025-06-25 23:11:48,374: INFO: main: 2025-06-25 23:11:48,374]
[2025-06-25 23:11:48,382: INFO: common: 2025-06-25 23:11:48,382]
[2025-06-25 23:11:48,383: INFO: common: 2025-06-25 23:11:48,383]
[2025-06-25 23:11:48,385: INFO: common: 2025-06-25 23:11:48,385]
[2025-06-25 23:11:48,385: INFO: common: 2025-06-25 23:11:48,385]
[2025-06-25 23:11:48,386: INFO: common: 2025-06-25 23:11:48,386]
[2025-06-25 23:11:49,520: INFO: data_ingestion: 2025-06-25 23:11:49,520]
[2025-06-25 23:11:49,523: INFO: main: 2025-06-25 23:11:49,523]
[2025-06-25 23:11:49,523: INFO: main: 2025-06-25 23:11:49,523]
[2025-06-25 23:11:49,532: INFO: common: 2025-06-25 23:11:49,532]
[2025-06-25 23:11:49,535: INFO: common: 2025-06-25 23:11:49,535]
[2025-06-25 23:11:49,541: INFO: common: 2025-06-25 23:11:49,541]
[2025-06-25 23:11:49,543: INFO: common: 2025-06-25 23:11:49,543]
[2025-06-25 23:11:49,544: INFO: common: 2025-06-25 23:11:49,544]
[2025-06-25 23:11:49,562: INFO: main: 2025-06-25 23:11:49,562]
[2025-06-25 23:11:49,563: INFO: main: 2025-06-25 23:11:49,563]
[2025-06-25 23:11:49,569: INFO: common: 2025-06-25 23:11:49,569]
[2025-06-25 23:11:49,571: INFO: common: 2025-06-25 23:11:49,571]
[2025-06-25 23:11:49,574: INFO: common: 2025-06-25 23:11:49,574]
[2025-06-25 23:11:49,575: INFO: common: 2025-06-25 23:11:49,575]
[2025-06-25 23:11:49,575: INFO: common: 2025-06-25 23:11:49,575]
[2025-06-25 23:11:49,576: INFO: stage_03_data_transformation: 2025-06-25 23:11:49,576]
[2025-06-25 23:11:49,576: ERROR: main: 2025-06-25 23:11:49,576]
Traceback (most recent call last):
  File "main.py", line 41, in <module>
    data_transformation.main()
  File "/home/jatin/Study/Live Courses/Projects/End-to-End-ML-Pipeline/src/ML_pipeline/pipeline/stage_03_data_transformation.py", line 27, in main
    raise e
  File "/home/jatin/Study/Live Courses/Projects/End-to-End-ML-Pipeline/src/ML_pipeline/pipeline/stage_03_data_transformation.py", line 21, in main
    data_transformation = DataTransformationConfig(data_transformation_config)
TypeError: __init__() missing 1 required positional argument: 'data_path'
[2025-06-25 23:16:24,101: INFO: main: 2025-06-25 23:16:24,101]
[2025-06-25 23:16:24,106: INFO: common: 2025-06-25 23:16:24,106]
[2025-06-25 23:16:24,108: INFO: common: 2025-06-25 23:16:24,108]
[2025-06-25 23:16:24,110: INFO: common: 2025-06-25 23:16:24,110]
[2025-06-25 23:16:24,110: INFO: common: 2025-06-25 23:16:24,110]
[2025-06-25 23:16:24,110: INFO: common: 2025-06-25 23:16:24,110]
[2025-06-25 23:16:24,110: INFO: stage_03_data_transformation: 2025-06-25 23:16:24,110]
[2025-06-25 23:16:24,110: ERROR: main: 2025-06-25 23:16:24,110]
Traceback (most recent call last):
  File "main.py", line 41, in <module>
    data_transformation.main()
  File "/home/jatin/Study/Live Courses/Projects/End-to-End-ML-Pipeline/src/ML_pipeline/pipeline/stage_03_data_transformation.py", line 27, in main
    raise e
  File "/home/jatin/Study/Live Courses/Projects/End-to-End-ML-Pipeline/src/ML_pipeline/pipeline/stage_03_data_transformation.py", line 21, in main
    data_transformation = DataTransformationConfig(data_transformation_config)
TypeError: __init__() missing 1 required positional argument: 'data_path'
[2025-06-25 23:18:03,586: INFO: main: 2025-06-25 23:18:03,586]
[2025-06-25 23:18:03,592: INFO: common: 2025-06-25 23:18:03,592]
[2025-06-25 23:18:03,593: INFO: common: 2025-06-25 23:18:03,593]
[2025-06-25 23:18:03,595: INFO: common: 2025-06-25 23:18:03,595]
[2025-06-25 23:18:03,595: INFO: common: 2025-06-25 23:18:03,595]
[2025-06-25 23:18:03,596: INFO: common: 2025-06-25 23:18:03,596]
[2025-06-25 23:18:03,596: INFO: stage_03_data_transformation: 2025-06-25 23:18:03,596]
[2025-06-25 23:18:03,596: ERROR: main: 2025-06-25 23:18:03,596]
Traceback (most recent call last):
  File "main.py", line 41, in <module>
    data_transformation.main()
  File "/home/jatin/Study/Live Courses/Projects/End-to-End-ML-Pipeline/src/ML_pipeline/pipeline/stage_03_data_transformation.py", line 27, in main
    raise e
  File "/home/jatin/Study/Live Courses/Projects/End-to-End-ML-Pipeline/src/ML_pipeline/pipeline/stage_03_data_transformation.py", line 21, in main
    data_transformation = DataTransformationConfig(data_transformation_config)
TypeError: __init__() missing 1 required positional argument: 'data_path'
[2025-06-25 23:20:23,798: INFO: main: 2025-06-25 23:20:23,798]
[2025-06-25 23:20:23,802: INFO: common: 2025-06-25 23:20:23,802]
[2025-06-25 23:20:23,805: INFO: common: 2025-06-25 23:20:23,805]
[2025-06-25 23:20:23,807: INFO: common: 2025-06-25 23:20:23,807]
[2025-06-25 23:20:23,807: INFO: common: 2025-06-25 23:20:23,807]
[2025-06-25 23:20:23,808: INFO: common: 2025-06-25 23:20:23,808]
[2025-06-25 23:20:23,831: INFO: data_transformation: 2025-06-25 23:20:23,831]
[2025-06-25 23:20:23,831: INFO: data_transformation: 2025-06-25 23:20:23,831]
[2025-06-25 23:20:23,831: INFO: data_transformation: 2025-06-25 23:20:23,831]
[2025-06-25 23:20:23,831: INFO: main: 2025-06-25 23:20:23,831]
[2025-06-25 23:20:23,832: INFO: main: 2025-06-25 23:20:23,832]
[2025-06-25 23:20:23,835: INFO: common: 2025-06-25 23:20:23,835]
[2025-06-25 23:20:23,835: INFO: common: 2025-06-25 23:20:23,835]
[2025-06-25 23:20:23,837: INFO: common: 2025-06-25 23:20:23,837]
[2025-06-25 23:20:23,837: INFO: common: 2025-06-25 23:20:23,837]
[2025-06-25 23:20:23,838: INFO: common: 2025-06-25 23:20:23,838]
[2025-06-25 23:20:23,851: INFO: main: 2025-06-25 23:20:23,851]
[2025-06-25 23:20:23,852: INFO: main: 2025-06-25 23:20:23,852]
[2025-06-25 23:20:23,858: INFO: common: 2025-06-25 23:20:23,858]
[2025-06-25 23:20:23,859: INFO: common: 2025-06-25 23:20:23,859]
[2025-06-25 23:20:23,863: INFO: common: 2025-06-25 23:20:23,863]
[2025-06-25 23:20:23,863: INFO: common: 2025-06-25 23:20:23,863]
[2025-06-25 23:20:23,864: INFO: common: 2025-06-25 23:20:23,864]
[2025-06-25 23:20:23,879: INFO: common: 2025-06-25 23:20:23,879]
[2025-06-25 23:21:04,242: INFO: main: 2025-06-25 23:21:04,242]
[2025-06-25 23:21:04,242: INFO: stage_03_data_transformation: 2025-06-25 23:21:04,242]
[2025-06-25 23:21:04,243: ERROR: main: 2025-06-25 23:21:04,243]
Traceback (most recent call last):
  File "main.py", line 41, in <module>
    data_transformation.main()
  File "/home/jatin/Study/Live Courses/Projects/End-to-End-ML-Pipeline/src/ML_pipeline/pipeline/stage_03_data_transformation.py", line 27, in main
    raise e
  File "/home/jatin/Study/Live Courses/Projects/End-to-End-ML-Pipeline/src/ML_pipeline/pipeline/stage_03_data_transformation.py", line 15, in main
    with open(Path("artifacts/data_validation/status.txt"),"r") as f:
FileNotFoundError: [Errno 2] No such file or directory: 'artifacts/data_validation/status.txt'
[2025-06-25 23:21:34,620: INFO: main: 2025-06-25 23:21:34,620]
[2025-06-25 23:21:34,625: INFO: common: 2025-06-25 23:21:34,625]
[2025-06-25 23:21:34,627: INFO: common: 2025-06-25 23:21:34,627]
[2025-06-25 23:21:34,628: INFO: common: 2025-06-25 23:21:34,628]
[2025-06-25 23:21:34,629: INFO: common: 2025-06-25 23:21:34,629]
[2025-06-25 23:21:34,629: INFO: common: 2025-06-25 23:21:34,629]
[2025-06-25 23:21:35,802: INFO: data_ingestion: 2025-06-25 23:21:35,802]
[2025-06-25 23:21:35,805: INFO: main: 2025-06-25 23:21:35,805]
[2025-06-25 23:21:35,805: INFO: main: 2025-06-25 23:21:35,805]
[2025-06-25 23:21:35,813: INFO: common: 2025-06-25 23:21:35,813]
[2025-06-25 23:21:35,814: INFO: common: 2025-06-25 23:21:35,814]
[2025-06-25 23:21:35,818: INFO: common: 2025-06-25 23:21:35,818]
[2025-06-25 23:21:35,818: INFO: common: 2025-06-25 23:21:35,818]
[2025-06-25 23:21:35,818: INFO: common: 2025-06-25 23:21:35,818]
[2025-06-25 23:21:35,829: INFO: main: 2025-06-25 23:21:35,829]
[2025-06-25 23:21:35,829: INFO: main: 2025-06-25 23:21:35,829]
[2025-06-25 23:21:35,835: INFO: common: 2025-06-25 23:21:35,835]
[2025-06-25 23:21:35,836: INFO: common: 2025-06-25 23:21:35,836]
[2025-06-25 23:21:35,839: INFO: common: 2025-06-25 23:21:35,839]
[2025-06-25 23:21:35,839: INFO: common: 2025-06-25 23:21:35,839]
[2025-06-25 23:21:35,840: INFO: common: 2025-06-25 23:21:35,840]
[2025-06-25 23:21:35,872: INFO: data_transformation: 2025-06-25 23:21:35,872]
[2025-06-25 23:21:35,872: INFO: data_transformation: 2025-06-25 23:21:35,872]
[2025-06-25 23:21:35,872: INFO: data_transformation: 2025-06-25 23:21:35,872]
[2025-06-25 23:21:35,873: INFO: main: 2025-06-25 23:21:35,873]
[2025-06-25 23:21:35,873: INFO: main: 2025-06-25 23:21:35,873]
[2025-06-25 23:21:35,880: INFO: common: 2025-06-25 23:21:35,880]
[2025-06-25 23:21:35,881: INFO: common: 2025-06-25 23:21:35,881]
[2025-06-25 23:21:35,884: INFO: common: 2025-06-25 23:21:35,884]
[2025-06-25 23:21:35,884: INFO: common: 2025-06-25 23:21:35,884]
[2025-06-25 23:21:35,884: INFO: common: 2025-06-25 23:21:35,884]
[2025-06-25 23:21:35,901: INFO: main: 2025-06-25 23:21:35,901]
[2025-06-25 23:21:35,902: INFO: main: 2025-06-25 23:21:35,902]
[2025-06-25 23:21:35,910: INFO: common: 2025-06-25 23:21:35,910]
[2025-06-25 23:21:35,912: INFO: common: 2025-06-25 23:21:35,912]
[2025-06-25 23:21:35,916: INFO: common: 2025-06-25 23:21:35,916]
[2025-06-25 23:21:35,917: INFO: common: 2025-06-25 23:21:35,917]
[2025-06-25 23:21:35,917: INFO: common: 2025-06-25 23:21:35,917]
[2025-06-25 23:21:35,932: INFO: common: 2025-06-25 23:21:35,932]
[2025-06-25 23:47:04,259: INFO: _internal: 2025-06-25 23:47:04,259]
[2025-06-25 23:47:04,259: INFO: _internal: 2025-06-25 23:47:04,259]
[2025-06-25 23:47:04,260: INFO: _internal: 2025-06-25 23:47:04,260]
[2025-06-25 23:47:04,674: WARNING: _internal: 2025-06-25 23:47:04,674]
[2025-06-25 23:47:04,763: INFO: _internal: 2025-06-25 23:47:04,763]
[2025-06-25 23:47:24,824: INFO: _internal: 2025-06-25 23:47:24,824]
[2025-06-25 23:47:24,879: INFO: _internal: 2025-06-25 23:47:24,879]
[2025-06-25 23:47:43,960: INFO: _internal: 2025-06-25 23:47:43,960]
[2025-06-25 23:47:44,116: INFO: _internal: 2025-06-25 23:47:44,116]
[2025-06-25 23:47:44,621: WARNING: _internal: 2025-06-25 23:47:44,621]
[2025-06-25 23:47:44,629: INFO: _internal: 2025-06-25 23:47:44,629]
[2025-06-25 23:48:30,860: INFO: _internal: 2025-06-25 23:48:30,860]
[2025-06-25 23:48:31,003: INFO: _internal: 2025-06-25 23:48:31,003]
[2025-06-25 23:48:31,572: WARNING: _internal: 2025-06-25 23:48:31,572]
[2025-06-25 23:48:31,587: INFO: _internal: 2025-06-25 23:48:31,587]
[2025-06-25 23:48:41,878: INFO: _internal: 2025-06-25 23:48:41,878]
[2025-06-25 23:48:41,878: INFO: _internal: 2025-06-25 23:48:41,878]
[2025-06-25 23:48:41,878: INFO: _internal: 2025-06-25 23:48:41,878]
[2025-06-25 23:48:42,355: WARNING: _internal: 2025-06-25 23:48:42,355]
[2025-06-25 23:48:42,364: INFO: _internal: 2025-06-25 23:48:42,364]
[2025-06-25 23:48:55,848: INFO: _internal: 2025-06-25 23:48:55,848]
[2025-06-25 23:48:55,900: INFO: _internal: 2025-06-25 23:48:55,900]
[2025-06-25 23:48:55,900: INFO: _internal: 2025-06-25 23:48:55,900]
[2025-06-25 23:48:55,902: INFO: _internal: 2025-06-25 23:48:55,902]
[2025-06-25 23:48:55,903: INFO: _internal: 2025-06-25 23:48:55,903]
[2025-06-25 23:48:57,407: INFO: _internal: 2025-06-25 23:48:57,407]
[2025-06-25 23:48:57,408: INFO: _internal: 2025-06-25 23:48:57,408]
[2025-06-25 23:48:57,481: INFO: _internal: 2025-06-25 23:48:57,481]
[2025-06-25 23:48:57,663: INFO: _internal: 2025-06-25 23:48:57,663]
[2025-06-25 23:50:37,903: INFO: _internal: 2025-06-25 23:50:37,903]
[2025-06-25 23:50:38,043: INFO: _internal: 2025-06-25 23:50:38,043]
[2025-06-26 23:23:37,180: INFO: _internal: 2025-06-26 23:23:37,180]
[2025-06-26 23:23:37,180: INFO: _internal: 2025-06-26 23:23:37,180]
[2025-06-26 23:23:37,181: INFO: _internal: 2025-06-26 23:23:37,181]
[2025-06-26 23:23:37,522: WARNING: _internal: 2025-06-26 23:23:37,522]
[2025-06-26 23:23:37,591: INFO: _internal: 2025-06-26 23:23:37,591]
[2025-06-26 23:23:46,384: INFO: _internal: 2025-06-26 23:23:46,384]
[2025-06-26 23:23:46,417: INFO: _internal: 2025-06-26 23:23:46,417]
[2025-06-26 23:23:46,420: INFO: _internal: 2025-06-26 23:23:46,420]
[2025-06-26 23:23:46,422: INFO: _internal: 2025-06-26 23:23:46,422]
[2025-06-26 23:23:46,423: INFO: _internal: 2025-06-26 23:23:46,423]
[2025-06-26 23:23:46,457: INFO: _internal: 2025-06-26 23:23:46,457]
[2025-06-26 23:23:46,458: INFO: _internal: 2025-06-26 23:23:46,458]
[2025-06-26 23:23:46,502: INFO: _internal: 2025-06-26 23:23:46,502]
[2025-06-26 23:25:54,224: INFO: _internal: 2025-06-26 23:25:54,224]
[2025-06-26 23:25:54,313: INFO: _internal: 2025-06-26 23:25:54,313]
[2025-06-26 23:25:54,656: WARNING: _internal: 2025-06-26 23:25:54,656]
[2025-06-26 23:25:54,665: INFO: _internal: 2025-06-26 23:25:54,665]
[2025-06-26 23:26:09,740: INFO: _internal: 2025-06-26 23:26:09,740]
[2025-06-26 23:26:09,825: INFO: _internal: 2025-06-26 23:26:09,825]
[2025-06-26 23:26:10,303: WARNING: _internal: 2025-06-26 23:26:10,303]
[2025-06-26 23:26:10,309: INFO: _internal: 2025-06-26 23:26:10,309]
[2025-06-26 23:26:15,342: INFO: _internal: 2025-06-26 23:26:15,342]
[2025-06-26 23:26:15,427: INFO: _internal: 2025-06-26 23:26:15,427]
[2025-06-26 23:26:15,818: WARNING: _internal: 2025-06-26 23:26:15,818]
[2025-06-26 23:26:15,824: INFO: _internal: 2025-06-26 23:26:15,824]
[2025-06-26 23:26:23,881: INFO: _internal: 2025-06-26 23:26:23,881]
[2025-06-26 23:26:23,881: INFO: _internal: 2025-06-26 23:26:23,881]
[2025-06-26 23:26:23,882: INFO: _internal: 2025-06-26 23:26:23,882]
[2025-06-26 23:26:24,259: WARNING: _internal: 2025-06-26 23:26:24,259]
[2025-06-26 23:26:24,265: INFO: _internal: 2025-06-26 23:26:24,265]
[2025-06-26 23:26:55,516: INFO: _internal: 2025-06-26 23:26:55,516]
[2025-06-26 23:26:55,516: INFO: _internal: 2025-06-26 23:26:55,516]
[2025-06-26 23:26:55,516: INFO: _internal: 2025-06-26 23:26:55,516]
[2025-06-26 23:26:55,864: WARNING: _internal: 2025-06-26 23:26:55,864]
[2025-06-26 23:26:55,871: INFO: _internal: 2025-06-26 23:26:55,871]
[2025-06-26 23:27:15,173: INFO: main: 2025-06-26 23:27:15,173]
[2025-06-26 23:27:15,177: INFO: common: 2025-06-26 23:27:15,177]
[2025-06-26 23:27:15,178: INFO: common: 2025-06-26 23:27:15,178]
[2025-06-26 23:27:15,180: INFO: common: 2025-06-26 23:27:15,180]
[2025-06-26 23:27:15,180: INFO: common: 2025-06-26 23:27:15,180]
[2025-06-26 23:27:15,180: INFO: common: 2025-06-26 23:27:15,180]
[2025-06-26 23:27:16,356: INFO: data_ingestion: 2025-06-26 23:27:16,356]
[2025-06-26 23:27:16,361: INFO: main: 2025-06-26 23:27:16,361]
[2025-06-26 23:27:16,361: INFO: main: 2025-06-26 23:27:16,361]
[2025-06-26 23:27:16,368: INFO: common: 2025-06-26 23:27:16,368]
[2025-06-26 23:27:16,370: INFO: common: 2025-06-26 23:27:16,370]
[2025-06-26 23:27:16,375: INFO: common: 2025-06-26 23:27:16,375]
[2025-06-26 23:27:16,376: INFO: common: 2025-06-26 23:27:16,376]
[2025-06-26 23:27:16,377: INFO: common: 2025-06-26 23:27:16,377]
[2025-06-26 23:27:16,387: INFO: main: 2025-06-26 23:27:16,387]
[2025-06-26 23:27:16,388: INFO: main: 2025-06-26 23:27:16,388]
[2025-06-26 23:27:16,393: INFO: common: 2025-06-26 23:27:16,393]
[2025-06-26 23:27:16,395: INFO: common: 2025-06-26 23:27:16,395]
[2025-06-26 23:27:16,397: INFO: common: 2025-06-26 23:27:16,397]
[2025-06-26 23:27:16,397: INFO: common: 2025-06-26 23:27:16,397]
[2025-06-26 23:27:16,397: INFO: common: 2025-06-26 23:27:16,397]
[2025-06-26 23:27:16,417: INFO: data_transformation: 2025-06-26 23:27:16,417]
[2025-06-26 23:27:16,417: INFO: data_transformation: 2025-06-26 23:27:16,417]
[2025-06-26 23:27:16,417: INFO: data_transformation: 2025-06-26 23:27:16,417]
[2025-06-26 23:27:16,418: INFO: main: 2025-06-26 23:27:16,418]
[2025-06-26 23:27:16,418: INFO: main: 2025-06-26 23:27:16,418]
[2025-06-26 23:27:16,422: INFO: common: 2025-06-26 23:27:16,422]
[2025-06-26 23:27:16,423: INFO: common: 2025-06-26 23:27:16,423]
[2025-06-26 23:27:16,426: INFO: common: 2025-06-26 23:27:16,426]
[2025-06-26 23:27:16,426: INFO: common: 2025-06-26 23:27:16,426]
[2025-06-26 23:27:16,426: INFO: common: 2025-06-26 23:27:16,426]
[2025-06-26 23:27:16,438: INFO: main: 2025-06-26 23:27:16,438]
[2025-06-26 23:27:16,439: INFO: main: 2025-06-26 23:27:16,439]
[2025-06-26 23:27:16,444: INFO: common: 2025-06-26 23:27:16,444]
[2025-06-26 23:27:16,445: INFO: common: 2025-06-26 23:27:16,445]
[2025-06-26 23:27:16,447: INFO: common: 2025-06-26 23:27:16,447]
[2025-06-26 23:27:16,448: INFO: common: 2025-06-26 23:27:16,448]
[2025-06-26 23:27:16,448: INFO: common: 2025-06-26 23:27:16,448]
[2025-06-26 23:27:16,461: INFO: common: 2025-06-26 23:27:16,461]
[2025-06-26 23:27:16,608: INFO: _internal: 2025-06-26 23:27:16,608]
[2025-06-26 23:27:16,634: INFO: _internal: 2025-06-26 23:27:16,634]
[2025-06-26 23:28:08,423: INFO: _internal: 2025-06-26 23:28:08,423]
[2025-06-26 23:28:08,443: INFO: _internal: 2025-06-26 23:28:08,443]
[2025-06-26 23:28:08,444: INFO: _internal: 2025-06-26 23:28:08,444]
[2025-06-26 23:28:08,445: INFO: _internal: 2025-06-26 23:28:08,445]
[2025-06-26 23:28:08,446: INFO: _internal: 2025-06-26 23:28:08,446]
[2025-06-26 23:28:08,456: INFO: _internal: 2025-06-26 23:28:08,456]
[2025-06-26 23:28:08,462: INFO: _internal: 2025-06-26 23:28:08,462]
[2025-06-26 23:28:08,468: INFO: _internal: 2025-06-26 23:28:08,468]
[2025-06-26 23:28:31,532: INFO: _internal: 2025-06-26 23:28:31,532]
[2025-06-26 23:30:31,772: INFO: _internal: 2025-06-26 23:30:31,772]
[2025-06-26 23:30:31,845: INFO: _internal: 2025-06-26 23:30:31,845]
[2025-06-26 23:30:32,197: WARNING: _internal: 2025-06-26 23:30:32,197]
[2025-06-26 23:30:32,204: INFO: _internal: 2025-06-26 23:30:32,204]
[2025-06-26 23:31:57,126: INFO: _internal: 2025-06-26 23:31:57,126]
[2025-06-26 23:32:24,675: INFO: _internal: 2025-06-26 23:32:24,675]
[2025-06-26 23:32:24,773: INFO: _internal: 2025-06-26 23:32:24,773]
[2025-06-26 23:32:25,281: WARNING: _internal: 2025-06-26 23:32:25,281]
[2025-06-26 23:32:25,307: INFO: _internal: 2025-06-26 23:32:25,307]
[2025-06-26 23:32:32,631: INFO: _internal: 2025-06-26 23:32:32,631]
[2025-06-26 23:32:41,332: INFO: _internal: 2025-06-26 23:32:41,332]
[2025-06-26 23:32:41,332: INFO: _internal: 2025-06-26 23:32:41,332]
[2025-06-26 23:32:41,333: INFO: _internal: 2025-06-26 23:32:41,333]
[2025-06-26 23:32:41,681: WARNING: _internal: 2025-06-26 23:32:41,681]
[2025-06-26 23:32:41,688: INFO: _internal: 2025-06-26 23:32:41,688]
[2025-06-26 23:32:48,026: INFO: _internal: 2025-06-26 23:32:48,026]
[2025-06-26 23:34:09,051: INFO: _internal: 2025-06-26 23:34:09,051]
[2025-06-26 23:34:09,159: INFO: _internal: 2025-06-26 23:34:09,159]
[2025-06-26 23:34:09,548: WARNING: _internal: 2025-06-26 23:34:09,548]
[2025-06-26 23:34:09,556: INFO: _internal: 2025-06-26 23:34:09,556]
[2025-06-26 23:34:15,656: INFO: _internal: 2025-06-26 23:34:15,656]
[2025-06-26 23:34:15,657: INFO: _internal: 2025-06-26 23:34:15,657]
[2025-06-26 23:34:15,658: INFO: _internal: 2025-06-26 23:34:15,658]
[2025-06-26 23:34:16,035: WARNING: _internal: 2025-06-26 23:34:16,035]
[2025-06-26 23:34:16,043: INFO: _internal: 2025-06-26 23:34:16,043]
[2025-06-26 23:34:26,250: INFO: _internal: 2025-06-26 23:34:26,250]
[2025-06-26 23:34:26,279: INFO: _internal: 2025-06-26 23:34:26,279]
[2025-06-26 23:34:26,282: INFO: _internal: 2025-06-26 23:34:26,282]
[2025-06-26 23:34:26,282: INFO: _internal: 2025-06-26 23:34:26,282]
[2025-06-26 23:34:26,283: INFO: _internal: 2025-06-26 23:34:26,283]
[2025-06-26 23:34:26,295: INFO: _internal: 2025-06-26 23:34:26,295]
[2025-06-26 23:34:26,296: INFO: _internal: 2025-06-26 23:34:26,296]
[2025-06-26 23:34:26,299: INFO: _internal: 2025-06-26 23:34:26,299]
[2025-06-26 23:34:26,309: INFO: _internal: 2025-06-26 23:34:26,309]
[2025-06-26 23:35:05,066: INFO: _internal: 2025-06-26 23:35:05,066]
[2025-06-26 23:36:19,536: INFO: _internal: 2025-06-26 23:36:19,536]
[2025-06-26 23:36:19,610: INFO: _internal: 2025-06-26 23:36:19,610]
[2025-06-26 23:36:19,953: WARNING: _internal: 2025-06-26 23:36:19,953]
[2025-06-26 23:36:19,959: INFO: _internal: 2025-06-26 23:36:19,959]
[2025-06-26 23:36:23,685: INFO: _internal: 2025-06-26 23:36:23,685]
[2025-06-26 23:36:23,685: INFO: _internal: 2025-06-26 23:36:23,685]
[2025-06-26 23:36:23,686: INFO: _internal: 2025-06-26 23:36:23,686]
[2025-06-26 23:36:24,025: WARNING: _internal: 2025-06-26 23:36:24,025]
[2025-06-26 23:36:24,033: INFO: _internal: 2025-06-26 23:36:24,033]
[2025-06-26 23:36:29,042: INFO: _internal: 2025-06-26 23:36:29,042]
[2025-06-26 23:36:43,117: INFO: _internal: 2025-06-26 23:36:43,117]
[2025-06-26 23:36:43,190: INFO: _internal: 2025-06-26 23:36:43,190]
[2025-06-26 23:36:43,529: WARNING: _internal: 2025-06-26 23:36:43,529]
[2025-06-26 23:36:43,536: INFO: _internal: 2025-06-26 23:36:43,536]
[2025-06-26 23:36:47,658: INFO: _internal: 2025-06-26 23:36:47,658]
[2025-06-26 23:36:47,658: INFO: _internal: 2025-06-26 23:36:47,658]
[2025-06-26 23:36:47,659: INFO: _internal: 2025-06-26 23:36:47,659]
[2025-06-26 23:36:47,999: WARNING: _internal: 2025-06-26 23:36:47,999]
[2025-06-26 23:36:48,007: INFO: _internal: 2025-06-26 23:36:48,007]
[2025-06-26 23:36:52,810: INFO: _internal: 2025-06-26 23:36:52,810]
[2025-06-26 23:37:07,092: INFO: _internal: 2025-06-26 23:37:07,092]
[2025-06-26 23:37:07,169: INFO: _internal: 2025-06-26 23:37:07,169]
[2025-06-26 23:37:07,513: WARNING: _internal: 2025-06-26 23:37:07,513]
[2025-06-26 23:37:07,522: INFO: _internal: 2025-06-26 23:37:07,522]
[2025-06-26 23:37:11,549: INFO: _internal: 2025-06-26 23:37:11,549]
[2025-06-26 23:37:11,624: INFO: _internal: 2025-06-26 23:37:11,624]
[2025-06-26 23:37:11,965: WARNING: _internal: 2025-06-26 23:37:11,965]
[2025-06-26 23:37:11,973: INFO: _internal: 2025-06-26 23:37:11,973]
[2025-06-26 23:37:14,994: INFO: _internal: 2025-06-26 23:37:14,994]
[2025-06-26 23:37:15,098: INFO: _internal: 2025-06-26 23:37:15,098]
[2025-06-26 23:37:15,551: WARNING: _internal: 2025-06-26 23:37:15,551]
[2025-06-26 23:37:15,560: INFO: _internal: 2025-06-26 23:37:15,560]
[2025-06-26 23:37:18,545: INFO: _internal: 2025-06-26 23:37:18,545]
[2025-06-26 23:37:18,545: INFO: _internal: 2025-06-26 23:37:18,545]
[2025-06-26 23:37:18,546: INFO: _internal: 2025-06-26 23:37:18,546]
[2025-06-26 23:37:18,888: WARNING: _internal: 2025-06-26 23:37:18,888]
[2025-06-26 23:37:18,896: INFO: _internal: 2025-06-26 23:37:18,896]
[2025-06-26 23:37:23,993: INFO: _internal: 2025-06-26 23:37:23,993]
[2025-06-26 23:37:43,997: INFO: _internal: 2025-06-26 23:37:43,997]
[2025-06-26 23:37:44,085: INFO: _internal: 2025-06-26 23:37:44,085]
[2025-06-26 23:37:44,445: WARNING: _internal: 2025-06-26 23:37:44,445]
[2025-06-26 23:37:44,452: INFO: _internal: 2025-06-26 23:37:44,452]
[2025-06-26 23:37:48,476: INFO: _internal: 2025-06-26 23:37:48,476]
[2025-06-26 23:37:48,542: INFO: _internal: 2025-06-26 23:37:48,542]
[2025-06-26 23:37:49,004: WARNING: _internal: 2025-06-26 23:37:49,004]
[2025-06-26 23:37:49,011: INFO: _internal: 2025-06-26 23:37:49,011]
[2025-06-26 23:37:57,088: INFO: _internal: 2025-06-26 23:37:57,088]
[2025-06-26 23:37:57,089: INFO: _internal: 2025-06-26 23:37:57,089]
[2025-06-26 23:37:57,089: INFO: _internal: 2025-06-26 23:37:57,089]
[2025-06-26 23:37:57,431: WARNING: _internal: 2025-06-26 23:37:57,431]
[2025-06-26 23:37:57,439: INFO: _internal: 2025-06-26 23:37:57,439]
[2025-06-26 23:38:03,580: INFO: _internal: 2025-06-26 23:38:03,580]
[2025-06-26 23:38:22,546: INFO: _internal: 2025-06-26 23:38:22,546]
[2025-06-26 23:38:22,634: INFO: _internal: 2025-06-26 23:38:22,634]
[2025-06-26 23:38:23,030: WARNING: _internal: 2025-06-26 23:38:23,030]
[2025-06-26 23:38:23,037: INFO: _internal: 2025-06-26 23:38:23,037]
[2025-06-26 23:38:50,148: INFO: _internal: 2025-06-26 23:38:50,148]
[2025-06-26 23:38:50,210: INFO: _internal: 2025-06-26 23:38:50,210]
[2025-06-26 23:38:50,556: WARNING: _internal: 2025-06-26 23:38:50,556]
[2025-06-26 23:38:50,563: INFO: _internal: 2025-06-26 23:38:50,563]
[2025-06-26 23:39:03,626: INFO: _internal: 2025-06-26 23:39:03,626]
[2025-06-26 23:39:03,708: INFO: _internal: 2025-06-26 23:39:03,708]
[2025-06-26 23:39:04,054: WARNING: _internal: 2025-06-26 23:39:04,054]
[2025-06-26 23:39:04,062: INFO: _internal: 2025-06-26 23:39:04,062]
[2025-06-26 23:39:07,082: INFO: _internal: 2025-06-26 23:39:07,082]
[2025-06-26 23:39:07,142: INFO: _internal: 2025-06-26 23:39:07,142]
[2025-06-26 23:39:07,482: WARNING: _internal: 2025-06-26 23:39:07,482]
[2025-06-26 23:39:07,489: INFO: _internal: 2025-06-26 23:39:07,489]
[2025-06-26 23:39:21,707: INFO: _internal: 2025-06-26 23:39:21,707]
[2025-06-26 23:39:21,707: INFO: _internal: 2025-06-26 23:39:21,707]
[2025-06-26 23:39:21,708: INFO: _internal: 2025-06-26 23:39:21,708]
[2025-06-26 23:39:22,048: WARNING: _internal: 2025-06-26 23:39:22,048]
[2025-06-26 23:39:22,055: INFO: _internal: 2025-06-26 23:39:22,055]
[2025-06-26 23:39:26,890: INFO: _internal: 2025-06-26 23:39:26,890]
[2025-06-26 23:40:12,242: INFO: _internal: 2025-06-26 23:40:12,242]
[2025-06-26 23:40:12,301: INFO: _internal: 2025-06-26 23:40:12,301]
[2025-06-26 23:40:12,665: WARNING: _internal: 2025-06-26 23:40:12,665]
[2025-06-26 23:40:12,672: INFO: _internal: 2025-06-26 23:40:12,672]
[2025-06-26 23:40:59,852: INFO: _internal: 2025-06-26 23:40:59,852]
[2025-06-26 23:40:59,926: INFO: _internal: 2025-06-26 23:40:59,926]
[2025-06-26 23:41:00,273: WARNING: _internal: 2025-06-26 23:41:00,273]
[2025-06-26 23:41:00,279: INFO: _internal: 2025-06-26 23:41:00,279]
[2025-06-26 23:41:11,333: INFO: _internal: 2025-06-26 23:41:11,333]
[2025-06-26 23:41:11,412: INFO: _internal: 2025-06-26 23:41:11,412]
[2025-06-26 23:41:11,755: WARNING: _internal: 2025-06-26 23:41:11,755]
[2025-06-26 23:41:11,762: INFO: _internal: 2025-06-26 23:41:11,762]
[2025-06-26 23:41:13,779: INFO: _internal: 2025-06-26 23:41:13,779]
[2025-06-26 23:41:13,851: INFO: _internal: 2025-06-26 23:41:13,851]
[2025-06-26 23:41:14,242: WARNING: _internal: 2025-06-26 23:41:14,242]
[2025-06-26 23:41:14,257: INFO: _internal: 2025-06-26 23:41:14,257]
[2025-06-26 23:41:27,315: INFO: _internal: 2025-06-26 23:41:27,315]
[2025-06-26 23:41:27,395: INFO: _internal: 2025-06-26 23:41:27,395]
[2025-06-26 23:41:27,732: WARNING: _internal: 2025-06-26 23:41:27,732]
[2025-06-26 23:41:27,739: INFO: _internal: 2025-06-26 23:41:27,739]
[2025-06-26 23:41:48,827: INFO: _internal: 2025-06-26 23:41:48,827]
[2025-06-26 23:41:48,909: INFO: _internal: 2025-06-26 23:41:48,909]
[2025-06-26 23:41:49,246: WARNING: _internal: 2025-06-26 23:41:49,246]
[2025-06-26 23:41:49,254: INFO: _internal: 2025-06-26 23:41:49,254]
[2025-06-26 23:41:59,304: INFO: _internal: 2025-06-26 23:41:59,304]
[2025-06-26 23:41:59,382: INFO: _internal: 2025-06-26 23:41:59,382]
[2025-06-26 23:41:59,741: WARNING: _internal: 2025-06-26 23:41:59,741]
[2025-06-26 23:41:59,748: INFO: _internal: 2025-06-26 23:41:59,748]
[2025-06-26 23:42:00,760: INFO: _internal: 2025-06-26 23:42:00,760]
[2025-06-26 23:42:00,817: INFO: _internal: 2025-06-26 23:42:00,817]
[2025-06-26 23:42:01,175: WARNING: _internal: 2025-06-26 23:42:01,175]
[2025-06-26 23:42:01,182: INFO: _internal: 2025-06-26 23:42:01,182]
[2025-06-26 23:42:15,850: INFO: _internal: 2025-06-26 23:42:15,850]
[2025-06-26 23:42:15,851: INFO: _internal: 2025-06-26 23:42:15,851]
[2025-06-26 23:42:15,851: INFO: _internal: 2025-06-26 23:42:15,851]
[2025-06-26 23:42:16,191: WARNING: _internal: 2025-06-26 23:42:16,191]
[2025-06-26 23:42:16,200: INFO: _internal: 2025-06-26 23:42:16,200]
[2025-06-26 23:42:21,753: INFO: _internal: 2025-06-26 23:42:21,753]
[2025-06-26 23:43:23,478: INFO: _internal: 2025-06-26 23:43:23,478]
[2025-06-26 23:43:23,556: INFO: _internal: 2025-06-26 23:43:23,556]
[2025-06-26 23:43:23,900: WARNING: _internal: 2025-06-26 23:43:23,900]
[2025-06-26 23:43:23,907: INFO: _internal: 2025-06-26 23:43:23,907]
[2025-06-26 23:43:29,936: INFO: _internal: 2025-06-26 23:43:29,936]
[2025-06-26 23:43:30,026: INFO: _internal: 2025-06-26 23:43:30,026]
[2025-06-26 23:43:30,435: WARNING: _internal: 2025-06-26 23:43:30,435]
[2025-06-26 23:43:30,442: INFO: _internal: 2025-06-26 23:43:30,442]
[2025-06-26 23:43:36,409: INFO: _internal: 2025-06-26 23:43:36,409]
[2025-06-26 23:43:36,409: INFO: _internal: 2025-06-26 23:43:36,409]
[2025-06-26 23:43:36,410: INFO: _internal: 2025-06-26 23:43:36,410]
[2025-06-26 23:43:36,750: WARNING: _internal: 2025-06-26 23:43:36,750]
[2025-06-26 23:43:36,759: INFO: _internal: 2025-06-26 23:43:36,759]
[2025-06-26 23:43:43,643: INFO: _internal: 2025-06-26 23:43:43,643]
[2025-06-26 23:43:43,654: INFO: _internal: 2025-06-26 23:43:43,654]
[2025-06-26 23:43:43,657: INFO: _internal: 2025-06-26 23:43:43,657]
[2025-06-26 23:43:43,672: INFO: _internal: 2025-06-26 23:43:43,672]
[2025-06-26 23:44:10,428: INFO: _internal: 2025-06-26 23:44:10,428]
[2025-06-26 23:44:10,455: INFO: _internal: 2025-06-26 23:44:10,455]
[2025-06-26 23:44:10,455: INFO: _internal: 2025-06-26 23:44:10,455]
[2025-06-26 23:44:10,463: INFO: _internal: 2025-06-26 23:44:10,463]
[2025-06-26 23:44:10,475: INFO: _internal: 2025-06-26 23:44:10,475]
[2025-06-26 23:44:10,489: INFO: _internal: 2025-06-26 23:44:10,489]
[2025-06-26 23:44:10,490: INFO: _internal: 2025-06-26 23:44:10,490]
[2025-06-26 23:44:10,503: INFO: _internal: 2025-06-26 23:44:10,503]
